// Jest Snapshot v1, https://goo.gl/fbAQLP

exports[`it renders correctly renders correctly 1`] = `
<View
  style={
    Object {
      "alignItems": "center",
      "flex": 1,
      "justifyContent": "center",
    }
  }
>
  <Text
    style={
      Object {
        "fontSize": 16,
      }
    }
  >
    Hello 👋
  </Text>
  <Text
    style={
      Object {
        "fontSize": 16,
      }
    }
  >
    Live Band is coming soon ! 🚀 🎸 🎹 🥁 
  </Text>
</View>
`;
